(node:57284) [DEP0190] DeprecationWarning: Passing args to a child process with shell option true can lead to security vulnerabilities, as the arguments are not escaped, only concatenated.
(Use `electron --trace-deprecation ...` to show where the warning was created)
(node:57284) UnhandledPromiseRejectionWarning: Error: File not found: 
    at new WindowsPtyAgent (E:\clawscad-app\node_modules\node-pty\lib\windowsPtyAgent.js:58:36)
    at new WindowsTerminal (E:\clawscad-app\node_modules\node-pty\lib\windowsTerminal.js:51:24)
    at Object.spawn (E:\clawscad-app\node_modules\node-pty\lib\index.js:30:12)
    at spawnPty (E:\clawscad-app\main.js:625:20)
    at startTerminal (E:\clawscad-app\main.js:653:22)
    at openWindow (E:\clawscad-app\main.js:200:3)
    at E:\clawscad-app\main.js:1061:3
(node:57284) UnhandledPromiseRejectionWarning: Unhandled promise rejection. This error originated either by throwing inside of an async function without a catch block, or by rejecting a promise which was not handled with .catch(). To terminate the node process on unhandled promise rejection, use the CLI flag `--unhandled-rejections=strict` (see https://nodejs.org/api/cli.html#cli_unhandled_rejections_mode). (rejection id: 2)
[57284:0821/143727.682:ERROR:net\disk_cache\cache_util_win.cc:25] Unable to move the cache: Access is denied. (0x5)
[57284:0821/143727.682:ERROR:net\disk_cache\cache_util_win.cc:25] Unable to move the cache: Access is denied. (0x5)
[57284:0821/143727.682:ERROR:net\disk_cache\cache_util_win.cc:25] Unable to move the cache: Access is denied. (0x5)
[57284:0821/143727.684:ERROR:net\disk_cache\disk_cache.cc:284] Unable to create cache
[57284:0821/143727.684:ERROR:gpu\ipc\host\gpu_disk_cache.cc:737] Gpu Cache Creation failed: -2
[57284:0821/143727.684:ERROR:net\disk_cache\disk_cache.cc:284] Unable to create cache
[57284:0821/143727.684:ERROR:gpu\ipc\host\gpu_disk_cache.cc:737] Gpu Cache Creation failed: -2
[57284:0821/143727.685:ERROR:net\disk_cache\disk_cache.cc:284] Unable to create cache
[57284:0821/143727.685:ERROR:gpu\ipc\host\gpu_disk_cache.cc:737] Gpu Cache Creation failed: -2
